// Jest Snapshot v1, https://goo.gl/fbAQLP

exports[`Movie card list component should render correctly 1`] = `
<div
  className="catalog__movies-list"
>
  <article
    className="small-movie-card catalog__movies-card"
    data-movie-id={1}
    onMouseEnter={[Function]}
    onMouseLeave={[Function]}
  >
    <div
      className="small-movie-card__image"
      style={null}
    >
      <img
        alt="Fantastic Beasts: The Crimes of Grindelwald"
        height="175"
        src="img/fantastic-beasts-the-crimes-of-grindelwald.jpg"
        style={null}
        width="280"
      />
      <video
        controls={true}
        muted={true}
        poster="img/fantastic-beasts-the-crimes-of-grindelwald.jpg"
        style={
          Object {
            "display": "none",
          }
        }
      />
    </div>
    <h3
      className="small-movie-card__title"
    >
      <a
        className="small-movie-card__link"
        href="movie-page.html"
      >
        Fantastic Beasts: The Crimes of Grindelwald
      </a>
    </h3>
  </article>
  <article
    className="small-movie-card catalog__movies-card"
    data-movie-id={2}
    onMouseEnter={[Function]}
    onMouseLeave={[Function]}
  >
    <div
      className="small-movie-card__image"
      style={null}
    >
      <img
        alt="Bohemian Rhapsody"
        height="175"
        src="img/bohemian-rhapsody.jpg"
        style={null}
        width="280"
      />
      <video
        controls={true}
        muted={true}
        poster="img/bohemian-rhapsody.jpg"
        style={
          Object {
            "display": "none",
          }
        }
      />
    </div>
    <h3
      className="small-movie-card__title"
    >
      <a
        className="small-movie-card__link"
        href="movie-page.html"
      >
        Bohemian Rhapsody
      </a>
    </h3>
  </article>
</div>
`;
