// Jest Snapshot v1, https://goo.gl/fbAQLP

exports[`Genre list component should render correctly 1`] = `
<ul
  className="catalog__genres-list"
>
  <li
    className="catalog__genres-item "
  >
    <a
      className="catalog__genres-link"
      href="#"
      onClick={[Function]}
    >
      A
      l
      l
       
      g
      e
      n
      r
      e
      s
    </a>
  </li>
  <li
    className="catalog__genres-item catalog__genres-item--active"
  >
    <a
      className="catalog__genres-link"
      href="#"
      onClick={[Function]}
    >
      C
      o
      m
      e
      d
      i
      e
      s
    </a>
  </li>
  <li
    className="catalog__genres-item "
  >
    <a
      className="catalog__genres-link"
      href="#"
      onClick={[Function]}
    >
      C
      r
      i
      m
      e
    </a>
  </li>
  <li
    className="catalog__genres-item "
  >
    <a
      className="catalog__genres-link"
      href="#"
      onClick={[Function]}
    >
      D
      o
      c
      u
      m
      e
      n
      t
      a
      r
      i
      e
      s
    </a>
  </li>
  <li
    className="catalog__genres-item "
  >
    <a
      className="catalog__genres-link"
      href="#"
      onClick={[Function]}
    >
      D
      r
      a
      m
      a
      s
    </a>
  </li>
</ul>
`;
